###############################################################################
#
# IAR ELF Linker V8.20.1.14183/W32 for ARM                27/Nov/2017  12:01:21
# Copyright 2007-2017 IAR Systems AB.
#
#    Output file  =  
#        D:\RepoGitSVN\AEP_WindowLifterSchedulerProject\projects\WindowLifterScheduler\Debug\Exe\WindowLifterScheduler.out
#    Map file     =  
#        D:\RepoGitSVN\AEP_WindowLifterSchedulerProject\projects\WindowLifterScheduler\Debug\List\WindowLifterScheduler.map
#    Command line =  
#        -f C:\Users\uidn8311\AppData\Local\Temp\EWD27E.tmp
#        (D:\RepoGitSVN\AEP_WindowLifterSchedulerProject\projects\WindowLifterScheduler\Debug\Obj\Main.o
#        -o
#        D:\RepoGitSVN\AEP_WindowLifterSchedulerProject\projects\WindowLifterScheduler\Debug\Exe\WindowLifterScheduler.out
#        --redirect _Printf=_PrintfFullNoMb --redirect _Scanf=_ScanfFullNoMb
#        --map
#        D:\RepoGitSVN\AEP_WindowLifterSchedulerProject\projects\WindowLifterScheduler\Debug\List\WindowLifterScheduler.map
#        --config "C:\Program Files (x86)\IAR Systems\Embedded Workbench
#        8.0\arm\config\linker\NXP\S32K144.icf" --semihosting --entry
#        __iar_program_start --vfe --text_out locale)
#
###############################################################################

*******************************************************************************
*** RUNTIME MODEL ATTRIBUTES
***

CppFlavor       = *
__SystemLibrary = DLib
__dlib_version  = 6


*******************************************************************************
*** HEAP SELECTION
***

The basic heap was selected because some modules are built with
size limitations (and not runtime checking), and --advanced_heap
was not specified.


*******************************************************************************
*** PLACEMENT SUMMARY
***

"A0":  place at 0x00000000 { ro section .intvec };
"P1":  place in [from 0x00000000 to 0x000003ff] |
                [from 0x00000410 to 0x0007ffff] { ro };
define block CSTACK with size = 2K, alignment = 8 { };
define block PROC_STACK with size = 0M, alignment = 8 { };
define block HEAP with size = 4K, alignment = 8 { };
"P3":  place in [from 0x1fff8000 to 0x1fffffff] |
                [from 0x20000000 to 0x20006fff] {
          rw, block CSTACK, block PROC_STACK, block HEAP };
initialize by copy { rw };

No sections matched the following patterns:

  ro section application_specific_ro  in "P2"
  rw section application_specific_rw  in "P4"
  section FlashConfig                 in "P5"


  Section            Kind        Address   Size  Object
  -------            ----        -------   ----  ------
"A0":                                      0x40
  .intvec            ro code  0x00000000   0x40  vector_table_M.o [5]
                            - 0x00000040   0x40

"P1", part 1 of 2:                         0x88
  .rodata            const    0x00000040    0x0  copy_init3.o [5]
  Initializer bytes  const    0x00000040   0x88  <for P3 s0>
                            - 0x000000c8   0x88

"P1", part 2 of 2:                        0xf70
  .text              ro code  0x00000410  0xe54  Main.o [1]
  .rodata            const    0x00001264   0x30  Main.o [1]
  .text              ro code  0x00001294   0x2c  copy_init3.o [5]
  .text              ro code  0x000012c0   0x28  data_init.o [5]
  .text              ro code  0x000012e8   0x22  fpinit_M.o [4]
  .iar.init_table    const    0x0000130c   0x14  - Linker created -
  .text              ro code  0x00001320    0x2  vector_table_M.o [5]
  .text              ro code  0x00001324   0x1e  cmain.o [5]
  .text              ro code  0x00001342    0x4  low_level_init.o [3]
  .text              ro code  0x00001346    0x4  exit.o [3]
  .text              ro code  0x0000134c    0xa  cexit.o [5]
  .text              ro code  0x00001358   0x14  exit.o [6]
  .text              ro code  0x0000136c    0xc  cstartup_M.o [5]
  .rodata            const    0x00001378    0x8  Main.o [1]
                            - 0x00001380  0xf70

"P3", part 1 of 2:                         0x88
  P3 s0                       0x1fff8000   0x88  <Init block>
    .bss             inited   0x1fff8000   0x30  Main.o [1]
    .bss             inited   0x1fff8030    0x8  Main.o [1]
    .data            inited   0x1fff8038    0x4  Main.o [1]
    .data            inited   0x1fff803c    0x4  Main.o [1]
    .data            inited   0x1fff8040    0x4  Main.o [1]
    .data            inited   0x1fff8044    0x4  Main.o [1]
    .data            inited   0x1fff8048    0x4  Main.o [1]
    .data            inited   0x1fff804c    0x4  Main.o [1]
    .data            inited   0x1fff8050    0x4  Main.o [1]
    .data            inited   0x1fff8054    0x4  Main.o [1]
    .data            inited   0x1fff8058    0x4  Main.o [1]
    .data            inited   0x1fff805c    0x4  Main.o [1]
    .data            inited   0x1fff8060    0x4  Main.o [1]
    .data            inited   0x1fff8064    0x4  Main.o [1]
    .data            inited   0x1fff8068    0x4  Main.o [1]
    .data            inited   0x1fff806c    0x4  Main.o [1]
    .bss             inited   0x1fff8070    0x4  Main.o [1]
    .bss             inited   0x1fff8074    0x4  Main.o [1]
    .bss             inited   0x1fff8078    0x4  Main.o [1]
    .bss             inited   0x1fff807c    0x1  Main.o [1]
    .bss             inited   0x1fff807d    0x1  Main.o [1]
    .bss             inited   0x1fff807e    0x1  Main.o [1]
    .bss             inited   0x1fff807f    0x1  Main.o [1]
    .bss             inited   0x1fff8080    0x1  Main.o [1]
    .bss             inited   0x1fff8081    0x1  Main.o [1]
    .bss             inited   0x1fff8082    0x1  Main.o [1]
    .bss             inited   0x1fff8083    0x1  Main.o [1]
    .bss             inited   0x1fff8084    0x1  Main.o [1]
                            - 0x1fff8088   0x88

"P3", part 2 of 2:                        0x800
  CSTACK                      0x1fff8088  0x800  <Block>
    CSTACK           uninit   0x1fff8088  0x800  <Block tail>
                            - 0x1fff8888  0x800


*******************************************************************************
*** INIT TABLE
***

          Address     Size
          -------     ----
Copy (__iar_copy_init3)
    1 source range, total size 0x88 (102% of destination):
          0x00000040  0x88
    1 destination range, total size 0x85:
          0x1fff8000  0x85



*******************************************************************************
*** MODULE SUMMARY
***

    Module            ro code  ro data  rw data
    ------            -------  -------  -------
D:\RepoGitSVN\AEP_WindowLifterSchedulerProject\projects\WindowLifterScheduler\Debug\Obj: [1]
    Main.o              3 668      189      133
    -------------------------------------------
    Total:              3 668      189      133

command line: [2]
    -------------------------------------------
    Total:

dl7M_tln.a: [3]
    exit.o                  4
    low_level_init.o        4
    -------------------------------------------
    Total:                  8

m7M_tls.a: [4]
    fpinit_M.o             34
    -------------------------------------------
    Total:                 34

rt7M_tl.a: [5]
    cexit.o                10
    cmain.o                30
    copy_init3.o           44
    cstartup_M.o           12
    data_init.o            40
    vector_table_M.o       66
    -------------------------------------------
    Total:                202

shb_l.a: [6]
    exit.o                 20
    -------------------------------------------
    Total:                 20

    Gaps                    6        2
    Linker created                  23    2 048
-----------------------------------------------
    Grand Total:        3 938      214    2 181


*******************************************************************************
*** ENTRY LIST
***

Entry                      Address  Size  Type      Object
-----                      -------  ----  ----      ------
.iar.init_table$$Base   0x0000130c         --   Gb  - Linker created -
.iar.init_table$$Limit  0x00001320         --   Gb  - Linker created -
?main                   0x00001325        Code  Gb  cmain.o [5]
CSTACK$$Base            0x1fff8088         --   Gb  - Linker created -
CSTACK$$Limit           0x1fff8888         --   Gb  - Linker created -
GlbSysTickCallback      0x1fff8074   0x4  Data  Gb  Main.o [1]
Region$$Table$$Base     0x0000130c         --   Gb  - Linker created -
Region$$Table$$Limit    0x00001320         --   Gb  - Linker created -
SchM_16ms_Task          0x000011df   0x2  Code  Gb  Main.o [1]
SchM_1ms_Task           0x000011cb   0x8  Code  Gb  Main.o [1]
SchM_2ms_Task           0x000011d3   0x8  Code  Gb  Main.o [1]
SchM_32ms_Task          0x000011e1   0x2  Code  Gb  Main.o [1]
SchM_4ms_Task           0x000011db   0x2  Code  Gb  Main.o [1]
SchM_8ms_Task           0x000011dd   0x2  Code  Gb  Main.o [1]
SchM_Background         0x00000cc1  0x60  Code  Gb  Main.o [1]
SchM_Config             0x00001378   0x8  Data  Gb  Main.o [1]
SchM_ConfigGlobal       0x1fff8070   0x4  Data  Gb  Main.o [1]
SchM_Control            0x1fff8030   0x8  Data  Gb  Main.o [1]
SchM_Init               0x00000d21  0x44  Code  Gb  Main.o [1]
SchM_OsTick             0x00000c4d  0x74  Code  Gb  Main.o [1]
SchM_Start              0x00000d89   0xc  Code  Gb  Main.o [1]
SchM_TaskControlBlock   0x1fff8000  0x30  Data  Gb  Main.o [1]
SchM_TaskDescriptor     0x00001264  0x30  Data  Gb  Main.o [1]
SysTick_Handler         0x000011e3  0x12  Code  Gb  Main.o [1]
SysTick_Init            0x00000d65  0x1e  Code  Gb  Main.o [1]
__cmain                 0x00001325        Code  Gb  cmain.o [5]
__exit                  0x00001359  0x14  Code  Gb  exit.o [6]
__iar_copy_init3        0x00001295  0x2c  Code  Gb  copy_init3.o [5]
__iar_data_init3        0x000012c1  0x28  Code  Gb  data_init.o [5]
__iar_init_vfp          0x000012e9        Code  Gb  fpinit_M.o [4]
__iar_program_start     0x0000136d        Code  Gb  cstartup_M.o [5]
__iar_systems$$module {Abs}
                        0x00000001        Data  Gb  command line/config [2]
__low_level_init        0x00001343   0x4  Code  Gb  low_level_init.o [3]
__vector_table          0x00000000        Data  Gb  vector_table_M.o [5]
_call_main              0x00001331        Code  Gb  cmain.o [5]
_exit                   0x0000134d        Code  Gb  cexit.o [5]
_main                   0x0000133f        Code  Gb  cmain.o [5]
button_CheckButtonAntipinch
                        0x00000625  0x10  Code  Gb  Main.o [1]
button_CheckButtonDown  0x00000615  0x10  Code  Gb  Main.o [1]
button_CheckButtonUp    0x00000605  0x10  Code  Gb  Main.o [1]
button_InitButtons      0x0000059d  0x68  Code  Gb  Main.o [1]
buttonsm_AntipinchValidationState
                        0x00000e99  0x32  Code  Gb  Main.o [1]
buttonsm_DownValidationState
                        0x00000e29  0x32  Code  Gb  Main.o [1]
buttonsm_IdleState      0x00000dc9  0x5a  Code  Gb  Main.o [1]
buttonsm_StateMachine   0x00000d95  0x32  Code  Gb  Main.o [1]
buttonsm_UpValidationState
                        0x00000e65  0x32  Code  Gb  Main.o [1]
clock_InitClock         0x000004ff  0x10  Code  Gb  Main.o [1]
delays_InitTimer        0x00000553   0x8  Code  Gb  Main.o [1]
exit                    0x00001347   0x4  Code  Gb  exit.o [3]
interrupts_ConfigSysTickIRQ
                        0x00000c2d   0x8  Code  Gb  Main.o [1]
interrupts_EnableSysTickIRQ
                        0x00000c35   0x8  Code  Gb  Main.o [1]
interrupts_InitIRQ      0x00000c09  0x24  Code  Gb  Main.o [1]
io_ClearOutput          0x0000057d   0x8  Code  Gb  Main.o [1]
io_GetPinData           0x00000585  0x10  Code  Gb  Main.o [1]
io_InputPin             0x0000055b   0xa  Code  Gb  Main.o [1]
io_OutputPin            0x00000565   0x8  Code  Gb  Main.o [1]
io_SetOutput            0x00000575   0x8  Code  Gb  Main.o [1]
io_TogglePin            0x0000056d   0x8  Code  Gb  Main.o [1]
leds_InitBoardLeds      0x00000a5b  0x8a  Code  Gb  Main.o [1]
leds_InitLeds           0x0000098b  0x6c  Code  Gb  Main.o [1]
leds_ToggleBlueBoardLED
                        0x00000ae5  0x10  Code  Gb  Main.o [1]
leds_TurnOffAntipinchLED
                        0x00000a49  0x12  Code  Gb  Main.o [1]
leds_TurnOffDownLED     0x00000a39  0x10  Code  Gb  Main.o [1]
leds_TurnOffUpLED       0x00000a29  0x10  Code  Gb  Main.o [1]
leds_TurnOnAntipinchLED
                        0x00000a17  0x12  Code  Gb  Main.o [1]
leds_TurnOnDownLED      0x00000a07  0x10  Code  Gb  Main.o [1]
leds_TurnOnUpLED        0x000009f7  0x10  Code  Gb  Main.o [1]
lpit_EnableLPITO        0x00000521  0x32  Code  Gb  Main.o [1]
lub_ButtonTimeCounter   0x1fff807e   0x1  Data  Gb  Main.o [1]
lub_Level               0x1fff807f   0x1  Data  Gb  Main.o [1]
main                    0x000011f5  0x26  Code  Gb  Main.o [1]
nvic_ClearPendingInterrupt
                        0x00000b35  0x48  Code  Gb  Main.o [1]
nvic_EnableInterrupt    0x00000af5  0x40  Code  Gb  Main.o [1]
nvic_SetInterruptPriority
                        0x00000b7d  0x4a  Code  Gb  Main.o [1]
pcc_EnablePeripheralClock
                        0x0000050f  0x12  Code  Gb  Main.o [1]
port_ConfigurePinMode   0x00000595   0x8  Code  Gb  Main.o [1]
ras_SCG                 0x1fff803c   0x4  Data  Gb  Main.o [1]
rps_LPIT0               0x1fff8044   0x4  Data  Gb  Main.o [1]
rps_NVIC                0x1fff8068   0x4  Data  Gb  Main.o [1]
rps_PCC                 0x1fff8040   0x4  Data  Gb  Main.o [1]
rps_PORTA               0x1fff8058   0x4  Data  Gb  Main.o [1]
rps_PORTC               0x1fff805c   0x4  Data  Gb  Main.o [1]
rps_PORTD               0x1fff8060   0x4  Data  Gb  Main.o [1]
rps_PORTE               0x1fff8064   0x4  Data  Gb  Main.o [1]
rps_PTA                 0x1fff8048   0x4  Data  Gb  Main.o [1]
rps_PTC                 0x1fff804c   0x4  Data  Gb  Main.o [1]
rps_PTD                 0x1fff8050   0x4  Data  Gb  Main.o [1]
rps_PTE                 0x1fff8054   0x4  Data  Gb  Main.o [1]
rps_SYSTICK             0x1fff806c   0x4  Data  Gb  Main.o [1]
rps_WDT                 0x1fff8038   0x4  Data  Gb  Main.o [1]
rub_ButtonState         0x1fff807c   0x1  Data  Gb  Main.o [1]
rub_ButtonStatus        0x1fff807d   0x1  Data  Gb  Main.o [1]
rub_State               0x1fff8080   0x1  Data  Gb  Main.o [1]
scg_ConfigRunMode       0x000004e1  0x1e  Code  Gb  Main.o [1]
scg_ConfigSOSC8mhz      0x00000437  0x4a  Code  Gb  Main.o [1]
scg_ConfigSPLL160mhz    0x00000481  0x60  Code  Gb  Main.o [1]
segmentbar_InitBar      0x000007fb  0xf4  Code  Gb  Main.o [1]
segmentbar_SetLevel0    0x000007e5  0x16  Code  Gb  Main.o [1]
segmentbar_SetLevel1    0x000007bb  0x2a  Code  Gb  Main.o [1]
segmentbar_SetLevel10   0x00000635  0x18  Code  Gb  Main.o [1]
segmentbar_SetLevel2    0x0000078f  0x2c  Code  Gb  Main.o [1]
segmentbar_SetLevel3    0x00000761  0x2e  Code  Gb  Main.o [1]
segmentbar_SetLevel4    0x00000733  0x2e  Code  Gb  Main.o [1]
segmentbar_SetLevel5    0x00000705  0x2e  Code  Gb  Main.o [1]
segmentbar_SetLevel6    0x000006d7  0x2e  Code  Gb  Main.o [1]
segmentbar_SetLevel7    0x000006a9  0x2e  Code  Gb  Main.o [1]
segmentbar_SetLevel8    0x0000067b  0x2e  Code  Gb  Main.o [1]
segmentbar_SetLevel9    0x0000064d  0x2e  Code  Gb  Main.o [1]
segmentbar_SetLevelBar  0x000008ef  0x9c  Code  Gb  Main.o [1]
systick_EnableSysTick   0x00000be9  0x16  Code  Gb  Main.o [1]
systick_InitSysTick     0x00000bc7  0x1c  Code  Gb  Main.o [1]
systick_ReloadSysTickValue
                        0x00000bff   0xa  Code  Gb  Main.o [1]
wdt_DisableWdt          0x00000411  0x26  Code  Gb  Main.o [1]
windowlifter_AntipinchState
                        0x0000105f  0x1a  Code  Gb  Main.o [1]
windowlifter_BlockState
                        0x00001079  0x2a  Code  Gb  Main.o [1]
windowlifter_BlockState::rul_BlockCounter
                        0x1fff8078   0x4  Data  Lc  Main.o [1]
windowlifter_DownNormal
                        0x00001121  0x5c  Code  Gb  Main.o [1]
windowlifter_DownNormal::rub_DownTransitionCounter
                        0x1fff8084   0x1  Data  Lc  Main.o [1]
windowlifter_DownNormalState
                        0x00001023  0x3c  Code  Gb  Main.o [1]
windowlifter_IdleState  0x00000ecb  0x5a  Code  Gb  Main.o [1]
windowlifter_OneTouchDownState
                        0x00000fd5  0x4e  Code  Gb  Main.o [1]
windowlifter_OneTouchDownState::rub_DownButtonCounter
                        0x1fff8082   0x1  Data  Lc  Main.o [1]
windowlifter_OneTouchUpState
                        0x00000f2d  0x5c  Code  Gb  Main.o [1]
windowlifter_OneTouchUpState::rub_UpButtonCounter
                        0x1fff8081   0x1  Data  Lc  Main.o [1]
windowlifter_StateMachine
                        0x00001181  0x4a  Code  Gb  Main.o [1]
windowlifter_UpNormal   0x000010a3  0x74  Code  Gb  Main.o [1]
windowlifter_UpNormal::rub_UpTransitionCounter
                        0x1fff8083   0x1  Data  Lc  Main.o [1]
windowlifter_UpNormalState
                        0x00000f89  0x42  Code  Gb  Main.o [1]


[1] = D:\RepoGitSVN\AEP_WindowLifterSchedulerProject\projects\WindowLifterScheduler\Debug\Obj
[2] = command line
[3] = dl7M_tln.a
[4] = m7M_tls.a
[5] = rt7M_tl.a
[6] = shb_l.a

  3 938 bytes of readonly  code memory
    214 bytes of readonly  data memory
  2 181 bytes of readwrite data memory

Errors: none
Warnings: none
